// Jest Snapshot v1, https://goo.gl/fbAQLP

exports[`Tests in <GifItem/> Should match with the snapshot 1`] = `
<div>
  <div
    class="card"
  >
    <img
      alt="Test title"
      src="https://www.test.com/"
    />
    <p>
      Test title
    </p>
  </div>
</div>
`;
